* ******************************************************************************

* iCEcube Placer

* Version:            2020.12.27943

* Build Date:         Dec  9 2020 17:55:50

* File Generated:     Aug 5 2025 13:57:47

* Purpose:            

* Copyright (C) 2006-2010 by Lattice Semiconductor Corp. All rights reserved.

* ******************************************************************************

Executing : C:\lscc\iCEcube2.2020.12\sbt_backend\bin\win32\opt\sbtplacer.exe --des-lib C:/Users/Herman/Documents/School_UMD/BPP/Payloads_and_projects/COMMS/Software/COMMS/COMMS_Implmnt\sbt\netlist\oadb-iceblink40_demo --outdir C:/Users/Herman/Documents/School_UMD/BPP/Payloads_and_projects/COMMS/Software/COMMS/COMMS_Implmnt\sbt\outputs\placer --device-file C:\lscc\iCEcube2.2020.12\sbt_backend\devices\ICE40P04.dev --package TQ144 --deviceMarketName iCE40HX4K --sdc-file C:/Users/Herman/Documents/School_UMD/BPP/Payloads_and_projects/COMMS/Software/COMMS/COMMS_Implmnt\sbt\Temp/sbt_temp.sdc --lib-file C:\lscc\iCEcube2.2020.12\sbt_backend\devices\ice40HX8K.lib --effort_level std --out-sdc-file C:/Users/Herman/Documents/School_UMD/BPP/Payloads_and_projects/COMMS/Software/COMMS/COMMS_Implmnt\sbt\outputs\placer\iceblink40_demo_pl.sdc
I2004: Option and Settings Summary
=============================================================
Device file          - C:\lscc\iCEcube2.2020.12\sbt_backend\devices\ICE40P04.dev
Package              - TQ144
Design database      - C:/Users/Herman/Documents/School_UMD/BPP/Payloads_and_projects/COMMS/Software/COMMS/COMMS_Implmnt\sbt\netlist\oadb-iceblink40_demo
SDC file             - C:/Users/Herman/Documents/School_UMD/BPP/Payloads_and_projects/COMMS/Software/COMMS/COMMS_Implmnt\sbt\Temp/sbt_temp.sdc
Output directory     - C:/Users/Herman/Documents/School_UMD/BPP/Payloads_and_projects/COMMS/Software/COMMS/COMMS_Implmnt\sbt\outputs\placer
Timing library       - C:\lscc\iCEcube2.2020.12\sbt_backend\devices\ice40HX8K.lib
Effort level         - std

I2050: Starting reading inputs for placer
=============================================================
I2100: Reading design library: C:/Users/Herman/Documents/School_UMD/BPP/Payloads_and_projects/COMMS/Software/COMMS/COMMS_Implmnt\sbt\netlist\oadb-iceblink40_demo/BFPGA_DESIGN_ep
I2065: Reading device file : C:\lscc\iCEcube2.2020.12\sbt_backend\devices\ICE40P04.dev
I2051: Reading of inputs for placer completed successfully

I2053: Starting placement of the design
=============================================================

Input Design Statistics
    Number of LUTs      	:	314
    Number of DFFs      	:	170
    Number of DFFs packed to IO	:	0
    Number of Carrys    	:	84
    Number of RAMs      	:	0
    Number of ROMs      	:	0
    Number of IOs       	:	19
    Number of GBIOs     	:	3
    Number of GBs       	:	4
    Number of WarmBoot  	:	0
    Number of PLLs      	:	0


Phase 1
I2077: Start design legalization
W2216: SB_GB_IO 'ASTB_ibuf_gb_io' is assigned to a non-GB pin '26'. Replacing it with SB_IO 'ASTB_ibuf_gb_io' and SB_GB 'ASTB_ibuf_gb_io_gb'

Design Legalization Statistics
    Number of feedthru LUTs inserted to legalize input of DFFs     	:	84
    Number of feedthru LUTs inserted for LUTs driving multiple DFFs	:	5
    Number of LUTs replicated for LUTs driving multiple DFFs       	:	0
    Number of feedthru LUTs inserted to legalize output of CARRYs  	:	2
    Number of feedthru LUTs inserted to legalize global signals    	:	0
    Number of feedthru CARRYs inserted to legalize input of CARRYs 	:	0
    Number of inserted LUTs to Legalize IOs with PIN_TYPE= 01xxxx  	:	0
    Number of inserted LUTs to Legalize IOs with PIN_TYPE= 10xxxx  	:	0
    Number of inserted LUTs to Legalize IOs with PIN_TYPE= 11xxxx  	:	0
    Total LUTs inserted                                            	:	91
    Total CARRYs inserted                                          	:	0


I2078: Design legalization is completed successfully
I2088: Phase 1, elapsed time : 0.0 (sec)


Phase 2
I2088: Phase 2, elapsed time : 0.0 (sec)

Phase 3
Warning-1034: Found non-unate timing arc, from pin "in3" to pin "lcout" of instance "CLK_DIV.COUNTER_cry_c_RNI6TKF[18]_LC_50", in the clock network. Converting the timing arc to positive-unate
Warning-1034: Found non-unate timing arc, from pin "in0" to pin "lcout" of instance "USB_DEBUG.AddressRegister_RNI14CB1[6]_LC_189", in the clock network. Converting the timing arc to positive-unate
Warning-1034: Found non-unate timing arc, from pin "in2" to pin "lcout" of instance "USB_DEBUG.AddressRegister_RNI2CHP6[1]_LC_190", in the clock network. Converting the timing arc to positive-unate
Warning-1034: Found non-unate timing arc, from pin "in0" to pin "lcout" of instance "USB_DEBUG.AddressRegister_RNI36CB1[7]_LC_194", in the clock network. Converting the timing arc to positive-unate
Warning-1034: Found non-unate timing arc, from pin "in2" to pin "lcout" of instance "USB_DEBUG.AddressRegister_RNI4CFP6[1]_LC_196", in the clock network. Converting the timing arc to positive-unate
Warning-1034: Found non-unate timing arc, from pin "in2" to pin "lcout" of instance "USB_DEBUG.AddressRegister_RNIAKHP6[1]_LC_216", in the clock network. Converting the timing arc to positive-unate
Warning-1034: Found non-unate timing arc, from pin "in2" to pin "lcout" of instance "USB_DEBUG.AddressRegister_RNICKFP6[1]_LC_219", in the clock network. Converting the timing arc to positive-unate
Warning-1034: Found non-unate timing arc, from pin "in2" to pin "lcout" of instance "USB_DEBUG.AddressRegister_RNIEEUI6[1]_LC_222", in the clock network. Converting the timing arc to positive-unate
Warning-1034: Found non-unate timing arc, from pin "in2" to pin "lcout" of instance "USB_DEBUG.AddressRegister_RNITFTP6[1]_LC_268", in the clock network. Converting the timing arc to positive-unate
Warning-1034: Found non-unate timing arc, from pin "in3" to pin "lcout" of instance "DELAY_5_SECONDS.un1_TIMEOUT_COUNT_cry_0_THRU_LUT4_0_LC_403", in the clock network. Converting the timing arc to positive-unate
Warning-1034: Found non-unate timing arc, from pin "in3" to pin "lcout" of instance "DELAY_5_SECONDS.un1_TIMEOUT_COUNT_cry_1_THRU_LUT4_0_LC_404", in the clock network. Converting the timing arc to positive-unate
Warning-1034: Found non-unate timing arc, from pin "PACKAGEPIN" to pin "DIN0" of instance "ASTB_ibuf_gb_io", in the clock network. Converting the timing arc to positive-unate

Design Statistics after Packing
    Number of LUTs      	:	406
    Number of DFFs      	:	170
    Number of DFFs packed to IO	:	0
    Number of Carrys    	:	84

Device Utilization Summary after Packing
    Sequential LogicCells
        LUT and DFF      	:	151
        LUT, DFF and CARRY	:	19
    Combinational LogicCells
        Only LUT         	:	174
        CARRY Only       	:	3
        LUT with CARRY   	:	62
    LogicCells                  :	409/3520
    PLBs                        :	57/440
    BRAMs                       :	0/20
    IOs and GBIOs               :	22/107
    PLLs                        :	0/2


I2088: Phase 3, elapsed time : 0.4 (sec)

Phase 4
W2714: Invalid pin location 53 for IO LED3. Assignment will be ignored
W2714: Invalid pin location 57 for IO BTN2. Assignment will be ignored
W2714: Invalid pin location 40 for IO DB[2]. Assignment will be ignored
W2714: Invalid pin location 30 for IO DB[6]. Assignment will be ignored
W2714: Invalid pin location 27 for IO DSTB. Assignment will be ignored
W2714: Invalid pin location 59 for IO LED1. Assignment will be ignored
W2714: Invalid pin location 54 for IO BTN3. Assignment will be ignored
W2714: Invalid pin location 13 for IO CLK_3P3_MHZ. Assignment will be ignored
I2088: Phase 4, elapsed time : 0.1 (sec)

Phase 5
I2088: Phase 5, elapsed time : 0.5 (sec)

Phase 6
I2088: Phase 6, elapsed time : 13.3 (sec)

Final Design Statistics
    Number of LUTs      	:	406
    Number of DFFs      	:	170
    Number of DFFs packed to IO	:	0
    Number of Carrys    	:	84
    Number of RAMs      	:	0
    Number of ROMs      	:	0
    Number of IOs       	:	20
    Number of GBIOs     	:	2
    Number of GBs       	:	5
    Number of WarmBoot  	:	0
    Number of PLLs      	:	0

Device Utilization Summary
    LogicCells                  :	409/3520
    PLBs                        :	111/440
    BRAMs                       :	0/20
    IOs and GBIOs               :	22/107
    PLLs                        :	0/2



#####################################################################
Placement Timing Summary

The timing summary is based on estimated routing delays after
placement. For final timing report, please carry out the timing
analysis after routing.
=====================================================================

#####################################################################
                     Clock Summary 
=====================================================================
Number of clocks: 4
Clock: clk0 | Frequency: 114.43 MHz | Target: 100.00 MHz
Clock: clk2 | Frequency: N/A | Target: 100.00 MHz
Clock: clk3 | Frequency: N/A | Target: 100.00 MHz
Clock: iceblink40_demo|CLK_3P3_MHZ | Frequency: 153.25 MHz | Target: 1.00 MHz

=====================================================================
                     End of Clock Summary
#####################################################################

I2054: Placement of design completed successfully

I2076: Placer run-time: 14.7 sec.

