* ******************************************************************************

* iCEcube Packer

* Version:            2020.12.27943

* Build Date:         Dec  9 2020 17:31:51

* File Generated:     Aug 5 2025 14:00:36

* Purpose:            General info of design implementation

* Copyright (C) 2006-2010 by Lattice Semiconductor Corp. All rights reserved.

* ******************************************************************************

Command Line: C:\lscc\iCEcube2.2020.12\sbt_backend\bin\win32\opt\packer.exe  C:\lscc\iCEcube2.2020.12\sbt_backend\devices\ICE40P04.dev  C:/Users/Herman/Documents/School_UMD/BPP/Payloads_and_projects/COMMS/Software/COMMS/COMMS_Implmnt\sbt\netlist\oadb-iceblink40_demo  --package  TQ144  --outdir  C:/Users/Herman/Documents/School_UMD/BPP/Payloads_and_projects/COMMS/Software/COMMS/COMMS_Implmnt\sbt\outputs\packer  --translator  C:\lscc\iCEcube2.2020.12\sbt_backend\bin\sdc_translator.tcl  --src_sdc_file  C:/Users/Herman/Documents/School_UMD/BPP/Payloads_and_projects/COMMS/Software/COMMS/COMMS_Implmnt\sbt\outputs\placer\iceblink40_demo_pl.sdc  --dst_sdc_file  C:/Users/Herman/Documents/School_UMD/BPP/Payloads_and_projects/COMMS/Software/COMMS/COMMS_Implmnt\sbt\outputs\packer\iceblink40_demo_pk.sdc  --devicename  iCE40HX4K  

***** Device Info *****
Chip: iCE40HX4K
Package: TQ144
Size: 24 X 20

***** Design Utilization Info *****
Design: iceblink40_demo
Used Logic Cell: 409/3520
Used Logic Tile: 111/440
Used IO Cell:    22/176
Used Bram Cell For iCE40: 0/20
Used PLL For iCE40: 0/2
Ram Cascading Used: 0
Lut Cascading Used: 1

***** Clock Info *****
Clock Domain: DSTB_c_g
Clock Source: dstb 
Clock Driver: DSTB_ibuf_gb_io (ICE_GB_IO)
Driver Position: (0, 10, 1)
Fanout to FF: 58
Fanout to Tile: 34

Clock Domain: LED_CLOCK_g
Clock Source: LED_CLOCK 
Clock Driver: LED_CLOCK_keep_RNI4OGA (ICE_GB)
Driver Position: (25, 10, 1)
Fanout to FF: 62
Fanout to Tile: 17

Clock Domain: CLK_3P3_MHZ_c_g
Clock Source: clk_3p3_mhz 
Clock Driver: CLK_3P3_MHZ_ibuf_gb_io (ICE_GB_IO)
Driver Position: (0, 11, 0)
Fanout to FF: 43
Fanout to Tile: 13

Clock Domain: ASTB_c_g
Clock Source: ASTB_ibuf_gb_io_gb_input 
Clock Driver: ASTB_ibuf_gb_io_gb (ICE_GB)
Driver Position: (13, 0, 0)
Fanout to FF: 20
Fanout to Tile: 16


***** Placement Info *****
Logic cell utilization per tile
    . . . . + . . . . 1 . . . . + . . . . 2 . . . . + . 
   ----------------------------------------------------
21|                                                     
20|   0 0 0 0 0 0 0 0 0 0 0 0 0 0 0 0 0 0 0 0 0 0 0 0   
19|   0 0 0 0 0 0 0 0 0 0 0 0 0 0 0 0 0 0 0 0 0 0 0 0   
18|   0 0 0 0 0 0 0 0 0 0 0 0 0 0 0 0 0 0 0 0 0 0 0 0   
17|   0 0 0 0 0 0 0 0 0 0 0 0 0 0 0 0 0 0 0 0 0 0 0 0   
16|   0 0 0 0 0 0 0 0 0 0 0 0 0 0 0 0 0 0 0 0 0 0 0 0   
15|   0 0 0 0 0 0 0 0 0 0 0 0 0 0 0 0 0 0 0 0 0 0 0 0   
14|   0 0 1 0 0 0 1 0 0 0 0 0 0 0 0 0 0 0 0 0 0 0 0 0   
13|   0 0 1 0 4 1 1 0 0 0 0 0 0 0 0 0 0 0 0 0 0 0 0 0   
12|   1 0 3 0 6 5 1 2 1 1 0 0 0 0 0 0 0 0 0 0 0 0 0 0   
11|   1 6 2 0 5 7 3 8 6 2 0 1 1 0 0 0 0 0 0 0 0 0 0 0   
10|   1 2 3 0 3 5 4 8 7 1 0 0 0 0 0 0 0 0 0 0 0 0 0 0   
 9|   1 1 3 0 3 2 4 8 6 2 0 0 0 0 0 0 0 0 0 0 0 0 0 0   
 8|   1 3 5 0 6 8 4 8 8 3 6 3 0 0 0 1 0 0 0 0 0 0 0 0   
 7|   3 4 7 0 6 7 3 6 8 3 8 0 0 0 0 0 0 0 0 0 0 0 0 0   
 6|   0 4 7 0 7 7 8 6 8 4 8 3 4 0 0 0 0 0 0 0 0 0 0 0   
 5|   0 1 4 0 3 7 6 2 8 6 6 3 3 0 0 0 0 0 0 0 0 0 0 0   
 4|   0 1 1 0 3 4 4 2 2 2 0 5 3 0 0 0 0 0 0 0 0 0 0 0   
 3|   1 0 1 0 2 3 3 2 1 1 0 1 0 0 0 0 0 0 0 0 0 0 0 0   
 2|   0 0 1 0 1 0 2 1 0 0 0 0 0 0 0 0 0 0 0 0 0 0 0 0   
 1|   1 0 0 0 0 0 0 0 0 0 0 0 0 0 0 0 0 0 0 0 0 0 0 0   
 0|                                                     

Maximum number of Logic cells per logic tile: 8
Average number of Logic cells per logic tile: 3.68

***** Input Pin Density Info *****
Number of input nets per logic tile
     .  .  .  .  +  .  .  .  .  1  .  .  .  .  +  .  .  .  .  2  .  .  .  .  +  . 
   ------------------------------------------------------------------------------
21|                                                                               
20|     0  0  0  0  0  0  0  0  0  0  0  0  0  0  0  0  0  0  0  0  0  0  0  0    
19|     0  0  0  0  0  0  0  0  0  0  0  0  0  0  0  0  0  0  0  0  0  0  0  0    
18|     0  0  0  0  0  0  0  0  0  0  0  0  0  0  0  0  0  0  0  0  0  0  0  0    
17|     0  0  0  0  0  0  0  0  0  0  0  0  0  0  0  0  0  0  0  0  0  0  0  0    
16|     0  0  0  0  0  0  0  0  0  0  0  0  0  0  0  0  0  0  0  0  0  0  0  0    
15|     0  0  0  0  0  0  0  0  0  0  0  0  0  0  0  0  0  0  0  0  0  0  0  0    
14|     0  0  1  0  0  0  2  0  0  0  0  0  0  0  0  0  0  0  0  0  0  0  0  0    
13|     0  0  1  0  4  1  1  0  0  0  0  0  0  0  0  0  0  0  0  0  0  0  0  0    
12|     2  0  3  0 14  5  1  2  1  1  0  0  0  0  0  0  0  0  0  0  0  0  0  0    
11|     1  6  5  0 13  7  8 16 16  4  0  1  1  0  0  0  0  0  0  0  0  0  0  0    
10|     2  4  9  0  9 11 13 16 22  4  0  0  0  0  0  0  0  0  0  0  0  0  0  0    
 9|     1  1 10  0  8  4  4 16 15  5  0  0  0  0  0  0  0  0  0  0  0  0  0  0    
 8|     1  3 16  0 18 22 10 15 17  3  9  2  0  0  0  1  0  0  0  0  0  0  0  0    
 7|     3 12 12  0 17 20 10 16 17 10 16  0  0  0  0  0  0  0  0  0  0  0  0  0    
 6|     0 10 16  0 20 12 18 15 17 12 16 10  4  0  0  0  0  0  0  0  0  0  0  0    
 5|     0  1  4  0  9 16 14  7 16 14 20  7 10  0  0  0  0  0  0  0  0  0  0  0    
 4|     0  1  1  0  3 10  4  6  4  2  0 10  3  0  0  0  0  0  0  0  0  0  0  0    
 3|     1  0  1  0  2  3  3  2  1  1  0  1  0  0  0  0  0  0  0  0  0  0  0  0    
 2|     0  0  1  0  1  0  2  1  0  0  0  0  0  0  0  0  0  0  0  0  0  0  0  0    
 1|     2  0  0  0  0  0  0  0  0  0  0  0  0  0  0  0  0  0  0  0  0  0  0  0    
 0|                                                                               

Maximum number of input nets per logic tile: 22
Average number of input nets per logic tile: 7.70

Number of input pins per logic tile
     .  .  .  .  +  .  .  .  .  1  .  .  .  .  +  .  .  .  .  2  .  .  .  .  +  . 
   ------------------------------------------------------------------------------
21|                                                                               
20|     0  0  0  0  0  0  0  0  0  0  0  0  0  0  0  0  0  0  0  0  0  0  0  0    
19|     0  0  0  0  0  0  0  0  0  0  0  0  0  0  0  0  0  0  0  0  0  0  0  0    
18|     0  0  0  0  0  0  0  0  0  0  0  0  0  0  0  0  0  0  0  0  0  0  0  0    
17|     0  0  0  0  0  0  0  0  0  0  0  0  0  0  0  0  0  0  0  0  0  0  0  0    
16|     0  0  0  0  0  0  0  0  0  0  0  0  0  0  0  0  0  0  0  0  0  0  0  0    
15|     0  0  0  0  0  0  0  0  0  0  0  0  0  0  0  0  0  0  0  0  0  0  0  0    
14|     0  0  1  0  0  0  2  0  0  0  0  0  0  0  0  0  0  0  0  0  0  0  0  0    
13|     0  0  1  0  4  1  1  0  0  0  0  0  0  0  0  0  0  0  0  0  0  0  0  0    
12|     2  0  3  0 18  5  1  2  1  1  0  0  0  0  0  0  0  0  0  0  0  0  0  0    
11|     1  6  6  0 15  7 12 16 24  8  0  1  1  0  0  0  0  0  0  0  0  0  0  0    
10|     2  4  9  0 11 15 13 16 28  4  0  0  0  0  0  0  0  0  0  0  0  0  0  0    
 9|     1  1 10  0  8  4  4 16 24  5  0  0  0  0  0  0  0  0  0  0  0  0  0  0    
 8|     1  3 16  0 19 26 16 15 23  3 10  3  0  0  0  1  0  0  0  0  0  0  0  0    
 7|     3 13 25  0 17 24 12 24 24 12 16  0  0  0  0  0  0  0  0  0  0  0  0  0    
 6|     0 11 24  0 21 21 30 24 24 16 16 10  4  0  0  0  0  0  0  0  0  0  0  0    
 5|     0  1  4  0 11 21 20  8 22 17 22  7 10  0  0  0  0  0  0  0  0  0  0  0    
 4|     0  1  1  0  3 13  4  8  4  2  0 16  3  0  0  0  0  0  0  0  0  0  0  0    
 3|     1  0  1  0  2  3  3  2  1  1  0  1  0  0  0  0  0  0  0  0  0  0  0  0    
 2|     0  0  1  0  1  0  2  1  0  0  0  0  0  0  0  0  0  0  0  0  0  0  0  0    
 1|     2  0  0  0  0  0  0  0  0  0  0  0  0  0  0  0  0  0  0  0  0  0  0  0    
 0|                                                                               

Maximum number of input pins per logic tile: 30
Average number of input pins per logic tile: 9.39

***** Run Time Info *****
Run Time:  0
