INOUT DB[3] 	 location (2, 0, 0) 	 37 	 
INOUT DB[0] 	 location (5, 0, 0) 	 42 	 
INOUT BTN4 	 location (13, 0, 0) 	 52 	 
OUTPUT WAIT 	 location (0, 1, 1) 	 33 	 
OUTPUT LED4 	 location (12, 21, 1) 	 129 	 
INOUT DB[5] 	 location (0, 1, 0) 	 34 	 
INOUT DB[1] 	 location (4, 0, 1) 	 41 	 
INPUT  CLK_3P3_MHZ 	 location (0, 11, 0) 	 20 	 
INOUT BTN3 	 location (0, 6, 1) 	 25 	 
INPUT  ASTB 	 location (0, 6, 0) 	 26 	 
OUTPUT LED1 	 location (9, 21, 1) 	 130 	 
INPUT  DSTB 	 location (0, 10, 1) 	 21 	 
INOUT DB[6] 	 location (0, 13, 0) 	 16 	 
INOUT DB[2] 	 location (0, 17, 1) 	 9 	 
INOUT BTN2 	 location (0, 2, 0) 	 32 	 
INPUT  WRITE 	 location (0, 3, 1) 	 28 	 
OUTPUT LED2 	 location (18, 0, 0) 	 56 	 
INOUT DB[7] 	 location (0, 3, 0) 	 29 	 
INOUT BTN1 	 location (18, 0, 1) 	 60 	 
OUTPUT SS_B 	 location (12, 0, 1) 	 49 	 
OUTPUT LED3 	 location (4, 21, 0) 	 141 	 
INOUT DB[4] 	 location (0, 19, 0) 	 4 	 
