* ******************************************************************************

* iCEcube Report

* Version:            2020.12.27943

* Build Date:         Dec  9 2020 17:31:51

* File Generated:     Aug 5 2025 14:00:36

* Purpose:            General info of design implementation

* Copyright (C) 2006-2010 by Lattice Semiconductor Corp. All rights reserved.

* ******************************************************************************

Synthesis/Placement Summary:
----------------------------
    Status:  Successful
    Runtime: 0 seconds

Device Info:
------------
    Device Family: iCE40
    Device:        iCE40HX4K
    Package:       TQ144

Design statistics:
------------------
    FFs:                  170
    LUTs:                 406
    RAMs:                 0
    IOBs:                 22
    GBs:                  7
    PLLs:                 0
    Warm Boots:           0

Logic Resource Utilization:
---------------------------
    Total Logic Cells: 409/3520
        Combinational Logic Cells: 239      out of   3520      6.78977%
        Sequential Logic Cells:    170      out of   3520      4.82955%
        Logic Tiles:               111      out of   440       25.2273%
    Registers: 
        Logic Registers:           170      out of   3520      4.82955%
        IO Registers:              0        out of   880       0
    Block RAMs:                    0        out of   20        0%
    Warm Boots:                    0        out of   1         0%
    Pins:
        Input Pins:                4        out of   107       3.73832%
        Output Pins:               6        out of   107       5.60748%
        InOut Pins:                12       out of   107       11.215%
    Global Buffers:                7        out of   8         87.5%
    PLLs:                          0        out of   2         0%

IO Bank Utilization:
--------------------
    Bank 3: 12       out of   28        42.8571%
    Bank 1: 0        out of   29        0%
    Bank 0: 3        out of   27        11.1111%
    Bank 2: 7        out of   23        30.4348%

Detailed I/O Info:
------------------
    Input Pins: 
    Pin Number  Direction  IO Standard  Pull Up  IO Bank  IO Function                                Signal Name  
    ----------  ---------  -----------  -------  -------  -----------                                -----------  
    20          Input      SB_LVCMOS    No       3        Simple Input                               CLK_3P3_MHZ  
    21          Input      SB_LVCMOS    No       3        Simple Input                               DSTB         
    26          Input      SB_LVCMOS    No       3        Simple Input                               ASTB         
    28          Input      SB_LVCMOS    No       3        Simple Input                               WRITE        

    Output Pins: 
    Pin Number  Direction  IO Standard  Pull Up  IO Bank  IO Function                                Signal Name  
    ----------  ---------  -----------  -------  -------  -----------                                -----------  
    33          Output     SB_LVCMOS    No       3        Simple Output                              WAIT         
    49          Output     SB_LVCMOS    No       2        Simple Output                              SS_B         
    56          Output     SB_LVCMOS    No       2        Simple Output                              LED2         
    129         Output     SB_LVCMOS    No       0        Simple Output                              LED4         
    130         Output     SB_LVCMOS    No       0        Simple Output                              LED1         
    141         Output     SB_LVCMOS    No       0        Simple Output                              LED3         

    Inoutput Pins: 
    Pin Number  Direction  IO Standard  Pull Up  IO Bank  IO Function                                Signal Name  
    ----------  ---------  -----------  -------  -------  -----------                                -----------  
    4           InOut      SB_LVCMOS    No       3        Simple Input Output Tristatable by Enable  DB[4]        
    9           InOut      SB_LVCMOS    No       3        Simple Input Output Tristatable by Enable  DB[2]        
    16          InOut      SB_LVCMOS    No       3        Simple Input Output Tristatable by Enable  DB[6]        
    25          InOut      SB_LVCMOS    No       3        Simple Input Output Tristatable by Enable  BTN3         
    29          InOut      SB_LVCMOS    No       3        Simple Input Output Tristatable by Enable  DB[7]        
    32          InOut      SB_LVCMOS    No       3        Simple Input Output Tristatable by Enable  BTN2         
    34          InOut      SB_LVCMOS    No       3        Simple Input Output Tristatable by Enable  DB[5]        
    37          InOut      SB_LVCMOS    No       2        Simple Input Output Tristatable by Enable  DB[3]        
    41          InOut      SB_LVCMOS    No       2        Simple Input Output Tristatable by Enable  DB[1]        
    42          InOut      SB_LVCMOS    No       2        Simple Input Output Tristatable by Enable  DB[0]        
    52          InOut      SB_LVCMOS    No       2        Simple Input Output Tristatable by Enable  BTN4         
    60          InOut      SB_LVCMOS    No       2        Simple Input Output Tristatable by Enable  BTN1         

Detailed Global Buffer Info:
----------------------------
    Buffer Number  IO Bank  Driven By  Fanout  Signal Name                         
    -------------  -------  ---------  ------  -----------                         
    1              3        IO         58      DSTB_c_g                            
    4              3        IO         43      CLK_3P3_MHZ_c_g                     
    0              2                   20      ASTB_c_g                            
    3              3                   23      LIGHTBAR_DISPLAY.VButtons_i_0_g_14  
    2              1                   32      VButtons_g_13                       
    6              3                   25      LIGHTBAR_DISPLAY.SHIFTER7_0_i_g     
    7              1                   62      LED_CLOCK_g                         
