Running in Lattice mode


Starting:    C:\lscc\iCEcube2.2020.12\synpbase\bin64\mbin\synbatch.exe
Install:     C:\lscc\iCEcube2.2020.12\synpbase
Hostname:    HERMANS-FRAME
Date:        Tue Aug 05 13:29:04 2025
Version:     L-2016.09L+ice40

Arguments:   -product synplify_pro -batch COMMS_syn.prj
ProductType: synplify_pro





log file: "C:\Users\Herman\Documents\School_UMD\BPP\Payloads_and_projects\COMMS\Software\COMMS\COMMS_Implmnt\COMMS.srr"
Running: COMMS_Implmnt in foreground

Running COMMS_syn|COMMS_Implmnt

Running: compile (Compile) on COMMS_syn|COMMS_Implmnt
# Tue Aug 05 13:29:04 2025

Running: compile_flow (Compile Process) on COMMS_syn|COMMS_Implmnt
# Tue Aug 05 13:29:04 2025

Running: compiler (Compile Input) on COMMS_syn|COMMS_Implmnt
# Tue Aug 05 13:29:04 2025
Copied C:\Users\Herman\Documents\School_UMD\BPP\Payloads_and_projects\COMMS\Software\COMMS\COMMS_Implmnt\synwork\COMMS_comp.srs to C:\Users\Herman\Documents\School_UMD\BPP\Payloads_and_projects\COMMS\Software\COMMS\COMMS_Implmnt\COMMS.srs

compiler completed
# Tue Aug 05 13:29:06 2025

Return Code: 0
Run Time:00h:00m:02s

Running: multi_srs_gen (Multi-srs Generator) on COMMS_syn|COMMS_Implmnt
# Tue Aug 05 13:29:06 2025

multi_srs_gen completed
# Tue Aug 05 13:29:06 2025

Return Code: 0
Run Time:00h:00m:00s
Copied C:\Users\Herman\Documents\School_UMD\BPP\Payloads_and_projects\COMMS\Software\COMMS\COMMS_Implmnt\synwork\COMMS_mult.srs to C:\Users\Herman\Documents\School_UMD\BPP\Payloads_and_projects\COMMS\Software\COMMS\COMMS_Implmnt\COMMS.srs
Complete: Compile Process on COMMS_syn|COMMS_Implmnt

Running: premap (Pre-mapping) on COMMS_syn|COMMS_Implmnt
# Tue Aug 05 13:29:06 2025

premap completed with warnings
# Tue Aug 05 13:29:07 2025

Return Code: 1
Run Time:00h:00m:01s
Complete: Compile on COMMS_syn|COMMS_Implmnt

Running: map (Map) on COMMS_syn|COMMS_Implmnt
# Tue Aug 05 13:29:07 2025
License granted for 4 parallel jobs

Running: fpga_mapper (Map & Optimize) on COMMS_syn|COMMS_Implmnt
# Tue Aug 05 13:29:07 2025
Copied C:\Users\Herman\Documents\School_UMD\BPP\Payloads_and_projects\COMMS\Software\COMMS\COMMS_Implmnt\synwork\COMMS_m.srm to C:\Users\Herman\Documents\School_UMD\BPP\Payloads_and_projects\COMMS\Software\COMMS\COMMS_Implmnt\COMMS.srm

fpga_mapper completed with warnings
# Tue Aug 05 13:29:08 2025

Return Code: 1
Run Time:00h:00m:01s
Complete: Map on COMMS_syn|COMMS_Implmnt
Complete: Logic Synthesis on COMMS_syn|COMMS_Implmnt

exit status=0

exit status=0

