# Synopsys Constraint Checker, version maplat, Build 1612R, built Dec  5 2016
# Copyright (C) 1994-2016 Synopsys, Inc. All rights reserved. This Synopsys software and all associated documentation are proprietary to Synopsys, Inc. and may only be used pursuant to the terms and conditions of a written license agreement with Synopsys, Inc. All other use, reproduction, modification, or distribution of the Synopsys software or the associated documentation is strictly prohibited.

# Written on Tue Aug 05 13:29:07 2025


##### DESIGN INFO #######################################################

Top View:                "iceblink40_demo"
Constraint File(s):      "C:\lscc\iCEcube2.2020.12\examples\blinky\iCElab.sdc"




##### SUMMARY ############################################################

Found 1 issues in 1 out of 4 constraints


##### DETAILS ############################################################



Clock Relationships
*******************

Starting                        Ending                          |     rise to rise     |     fall to fall     |     rise to fall     |     fall to rise                     
---------------------------------------------------------------------------------------------------------------------------------------------------------------------------
clk3                            clk2                            |     10.000           |     No paths         |     No paths         |     No paths                         
clk2                            clk2                            |     10.000           |     No paths         |     No paths         |     No paths                         
clk2                            clk0                            |     10.000           |     No paths         |     No paths         |     No paths                         
clk0                            clk0                            |     10.000           |     No paths         |     No paths         |     No paths                         
iceblink40_demo|CLK_3P3_MHZ     iceblink40_demo|CLK_3P3_MHZ     |     1000.000         |     No paths         |     No paths         |     No paths                         
===========================================================================================================================================================================
 Note: 'No paths' indicates there are no paths in the design for that pair of clock edges.
       'Diff grp' indicates that paths exist but the starting clock and ending clock are in different clock groups.


Unconstrained Start/End Points
******************************

p:BTN1 (bidir end point)
p:BTN1 (bidir start point)
p:BTN2 (bidir end point)
p:BTN2 (bidir start point)
p:BTN3 (bidir end point)
p:BTN3 (bidir start point)
p:BTN4 (bidir end point)
p:BTN4 (bidir start point)
p:DB[0] (bidir end point)
p:DB[0] (bidir start point)
p:DB[1] (bidir end point)
p:DB[1] (bidir start point)
p:DB[2] (bidir end point)
p:DB[2] (bidir start point)
p:DB[3] (bidir end point)
p:DB[3] (bidir start point)
p:DB[4] (bidir end point)
p:DB[4] (bidir start point)
p:DB[5] (bidir end point)
p:DB[5] (bidir start point)
p:DB[6] (bidir end point)
p:DB[6] (bidir start point)
p:DB[7] (bidir end point)
p:DB[7] (bidir start point)
p:LED1
p:LED2
p:LED3
p:LED4
p:SS_B
p:WRITE


Inapplicable constraints
************************

create_clock -period { 10.000 } -name { clk1 } { get_nets CLK_3P3_MHZ_c }
	@E:"c:/lscc/icecube2.2020.12/examples/blinky/icelab.sdc":3:0:3:0|collection "[get_nets CLK_3P3_MHZ_c]" is empty

Applicable constraints with issues
**********************************

(none)


Constraints with matching wildcard expressions
**********************************************

(none)


Library Report
**************


# End of Constraint Checker Report
