# Synopsys Constraint Checker(syntax only), version maplat, Build 1612R, built Dec  5 2016
# Copyright (C) 1994-2016 Synopsys, Inc. All rights reserved. This Synopsys software and all associated documentation are proprietary to Synopsys, Inc. and may only be used pursuant to the terms and conditions of a written license agreement with Synopsys, Inc. All other use, reproduction, modification, or distribution of the Synopsys software or the associated documentation is strictly prohibited.

# Written on Tue Aug 05 13:29:07 2025


##### DESIGN INFO #######################################################

Top View:                "iceblink40_demo"
Constraint File(s):      "C:\lscc\iCEcube2.2020.12\examples\blinky\iCElab.sdc"

#Run constraint checker to find more issues with constraints.
#########################################################################



No issues found in constraint syntax.



Clock Summary
*************

Start                           Requested     Requested     Clock        Clock                   Clock
Clock                           Frequency     Period        Type         Group                   Load 
------------------------------------------------------------------------------------------------------
clk0                            100.0 MHz     10.000        declared     default_clkgroup        62   
clk1                            100.0 MHz     10.000        declared     default_clkgroup        0    
clk2                            100.0 MHz     10.000        declared     default_clkgroup        72   
clk3                            100.0 MHz     10.000        declared     default_clkgroup        8    
iceblink40_demo|CLK_3P3_MHZ     1.0 MHz       1000.000      inferred     Inferred_clkgroup_0     39   
======================================================================================================
